Archive member included to satisfy reference by file (symbol)

c:/program files (x86)/microchip/xc8/avr/bin/../lib/gcc/avr/5.4.0/../../../../avr/lib/avrxmega4/memx-const\libm.a(addsf3.o)
                              build/Release/production/src/dac.o (__addsf3)
c:/program files (x86)/microchip/xc8/avr/bin/../lib/gcc/avr/5.4.0/../../../../avr/lib/avrxmega4/memx-const\libm.a(addsf3x.o)
                              c:/program files (x86)/microchip/xc8/avr/bin/../lib/gcc/avr/5.4.0/../../../../avr/lib/avrxmega4/memx-const\libm.a(addsf3.o) (__addsf3x)
c:/program files (x86)/microchip/xc8/avr/bin/../lib/gcc/avr/5.4.0/../../../../avr/lib/avrxmega4/memx-const\libm.a(divsf3.o)
                              build/Release/production/src/dac.o (__divsf3)
c:/program files (x86)/microchip/xc8/avr/bin/../lib/gcc/avr/5.4.0/../../../../avr/lib/avrxmega4/memx-const\libm.a(divsf3x.o)
                              c:/program files (x86)/microchip/xc8/avr/bin/../lib/gcc/avr/5.4.0/../../../../avr/lib/avrxmega4/memx-const\libm.a(divsf3.o) (__divsf3x)
c:/program files (x86)/microchip/xc8/avr/bin/../lib/gcc/avr/5.4.0/../../../../avr/lib/avrxmega4/memx-const\libm.a(fixunssfsi.o)
                              build/Release/production/src/dac.o (__fixunssfsi)
c:/program files (x86)/microchip/xc8/avr/bin/../lib/gcc/avr/5.4.0/../../../../avr/lib/avrxmega4/memx-const\libm.a(floatsisf.o)
                              build/Release/production/src/dac.o (__floatunsisf)
c:/program files (x86)/microchip/xc8/avr/bin/../lib/gcc/avr/5.4.0/../../../../avr/lib/avrxmega4/memx-const\libm.a(fp_inf.o)
                              c:/program files (x86)/microchip/xc8/avr/bin/../lib/gcc/avr/5.4.0/../../../../avr/lib/avrxmega4/memx-const\libm.a(addsf3x.o) (__fp_inf)
c:/program files (x86)/microchip/xc8/avr/bin/../lib/gcc/avr/5.4.0/../../../../avr/lib/avrxmega4/memx-const\libm.a(fp_nan.o)
                              c:/program files (x86)/microchip/xc8/avr/bin/../lib/gcc/avr/5.4.0/../../../../avr/lib/avrxmega4/memx-const\libm.a(addsf3x.o) (__fp_nan)
c:/program files (x86)/microchip/xc8/avr/bin/../lib/gcc/avr/5.4.0/../../../../avr/lib/avrxmega4/memx-const\libm.a(fp_pscA.o)
                              c:/program files (x86)/microchip/xc8/avr/bin/../lib/gcc/avr/5.4.0/../../../../avr/lib/avrxmega4/memx-const\libm.a(addsf3x.o) (__fp_pscA)
c:/program files (x86)/microchip/xc8/avr/bin/../lib/gcc/avr/5.4.0/../../../../avr/lib/avrxmega4/memx-const\libm.a(fp_pscB.o)
                              c:/program files (x86)/microchip/xc8/avr/bin/../lib/gcc/avr/5.4.0/../../../../avr/lib/avrxmega4/memx-const\libm.a(addsf3x.o) (__fp_pscB)
c:/program files (x86)/microchip/xc8/avr/bin/../lib/gcc/avr/5.4.0/../../../../avr/lib/avrxmega4/memx-const\libm.a(fp_round.o)
                              c:/program files (x86)/microchip/xc8/avr/bin/../lib/gcc/avr/5.4.0/../../../../avr/lib/avrxmega4/memx-const\libm.a(addsf3.o) (__fp_round)
c:/program files (x86)/microchip/xc8/avr/bin/../lib/gcc/avr/5.4.0/../../../../avr/lib/avrxmega4/memx-const\libm.a(fp_split3.o)
                              c:/program files (x86)/microchip/xc8/avr/bin/../lib/gcc/avr/5.4.0/../../../../avr/lib/avrxmega4/memx-const\libm.a(addsf3x.o) (__fp_split3)
c:/program files (x86)/microchip/xc8/avr/bin/../lib/gcc/avr/5.4.0/../../../../avr/lib/avrxmega4/memx-const\libm.a(fp_zero.o)
                              c:/program files (x86)/microchip/xc8/avr/bin/../lib/gcc/avr/5.4.0/../../../../avr/lib/avrxmega4/memx-const\libm.a(addsf3x.o) (__fp_zero)
c:/program files (x86)/microchip/xc8/avr/bin/../lib/gcc/avr/5.4.0/../../../../avr/lib/avrxmega4/memx-const\libm.a(mulsf3.o)
                              build/Release/production/src/dac.o (__mulsf3)
c:/program files (x86)/microchip/xc8/avr/bin/../lib/gcc/avr/5.4.0/../../../../avr/lib/avrxmega4/memx-const\libm.a(mulsf3x.o)
                              c:/program files (x86)/microchip/xc8/avr/bin/../lib/gcc/avr/5.4.0/../../../../avr/lib/avrxmega4/memx-const\libm.a(mulsf3.o) (__mulsf3x)
c:/program files (x86)/microchip/xc8/avr/bin/../lib/gcc/avr/5.4.0/../../../../avr/lib/avrxmega4/memx-const\libm.a(sin.o)
                              build/Release/production/src/dac.o (sin)
c:/program files (x86)/microchip/xc8/avr/bin/../lib/gcc/avr/5.4.0/../../../../avr/lib/avrxmega4/memx-const\libm.a(fp_rempio2.o)
                              c:/program files (x86)/microchip/xc8/avr/bin/../lib/gcc/avr/5.4.0/../../../../avr/lib/avrxmega4/memx-const\libm.a(sin.o) (__fp_rempio2)
c:/program files (x86)/microchip/xc8/avr/bin/../lib/gcc/avr/5.4.0/../../../../avr/lib/avrxmega4/memx-const\libm.a(fp_sinus.o)
                              c:/program files (x86)/microchip/xc8/avr/bin/../lib/gcc/avr/5.4.0/../../../../avr/lib/avrxmega4/memx-const\libm.a(sin.o) (__fp_sinus)
c:/program files (x86)/microchip/xc8/avr/bin/../lib/gcc/avr/5.4.0/../../../../avr/lib/avrxmega4/memx-const\libm.a(fp_mpack.o)
                              c:/program files (x86)/microchip/xc8/avr/bin/../lib/gcc/avr/5.4.0/../../../../avr/lib/avrxmega4/memx-const\libm.a(fp_rempio2.o) (__fp_mpack_finite)
c:/program files (x86)/microchip/xc8/avr/bin/../lib/gcc/avr/5.4.0/../../../../avr/lib/avrxmega4/memx-const\libm.a(fp_powsodd.o)
                              c:/program files (x86)/microchip/xc8/avr/bin/../lib/gcc/avr/5.4.0/../../../../avr/lib/avrxmega4/memx-const\libm.a(fp_sinus.o) (__fp_powsodd)
c:/program files (x86)/microchip/xc8/avr/bin/../lib/gcc/avr/5.4.0/../../../../avr/lib/avrxmega4/memx-const\libm.a(fp_powser.o)
                              c:/program files (x86)/microchip/xc8/avr/bin/../lib/gcc/avr/5.4.0/../../../../avr/lib/avrxmega4/memx-const\libm.a(fp_powsodd.o) (__fp_powser)
c:/program files (x86)/microchip/xc8/avr/bin/../lib/gcc/avr/5.4.0/avrxmega4/memx-const\libgcc.a(_exit.o)
                              C:/Users/m52422/.mchp_packs/Microchip/AVR-Dx_DFP/1.4.75/xc8/avr/lib/avrxmega4/memx-const/crtavr128db48.o (exit)
c:/program files (x86)/microchip/xc8/avr/bin/../lib/gcc/avr/5.4.0/avrxmega4/memx-const\libgcc.a(_copy_data.o)
                              build/Release/production/src/uart.o (__do_copy_data)
c:/program files (x86)/microchip/xc8/avr/bin/../lib/gcc/avr/5.4.0/avrxmega4/memx-const\libgcc.a(_umulhisi3.o)
                              build/Release/production/src/dac.o (__umulhisi3)
c:/program files (x86)/microchip/xc8/avr/bin/../lib/gcc/avr/5.4.0/../../../../avr/lib/avrxmega4/memx-const\libc.a(memcpy_M.o)
                              build/Release/production/src/uart.o (memcpy)
C:/Users/m52422/.mchp_packs/Microchip/AVR-Dx_DFP/1.4.75/xc8/avr/lib/avrxmega4/memx-const\libavr128db48.a(ccp_write.o)
                              build/Release/production/main.o (ccp_write_io)
c:/program files (x86)/microchip/xc8/avr/bin/../lib/gcc/avr/5.4.0/avrxmega4/memx-const\libgcc.a(_xload_1.o)
                              c:/program files (x86)/microchip/xc8/avr/bin/../lib/gcc/avr/5.4.0/../../../../avr/lib/avrxmega4/memx-const\libc.a(memcpy_M.o) (__xload_1)

Allocating common symbols
Common symbol       size              file

sine_wave           0xb8              build/Release/production/src/adc.o
TX_buffer           0x7               build/Release/production/src/uart.o
data_stream         0x7               build/Release/production/src/adc.o

Discarded input sections

 .data          0x0000000000000000        0x0 C:/Users/m52422/.mchp_packs/Microchip/AVR-Dx_DFP/1.4.75/xc8/avr/lib/avrxmega4/memx-const/crtavr128db48.o
 .bss           0x0000000000000000        0x0 C:/Users/m52422/.mchp_packs/Microchip/AVR-Dx_DFP/1.4.75/xc8/avr/lib/avrxmega4/memx-const/crtavr128db48.o
 .text          0x0000000000000000        0x0 build/Release/production/src/adc.o
 .data          0x0000000000000000        0x0 build/Release/production/src/adc.o
 .bss           0x0000000000000000        0x0 build/Release/production/src/adc.o
 .text.ADC0_StartConversion
                0x0000000000000000        0x8 build/Release/production/src/adc.o
 .text          0x0000000000000000        0x0 build/Release/production/src/dac.o
 .data          0x0000000000000000        0x0 build/Release/production/src/dac.o
 .bss           0x0000000000000000        0x0 build/Release/production/src/dac.o
 .text.DAC0_setVal
                0x0000000000000000       0x1c build/Release/production/src/dac.o
 .text          0x0000000000000000        0x0 build/Release/production/src/rtc.o
 .data          0x0000000000000000        0x0 build/Release/production/src/rtc.o
 .bss           0x0000000000000000        0x0 build/Release/production/src/rtc.o
 .text.LED0_toggle
                0x0000000000000000        0x8 build/Release/production/src/rtc.o
 .text          0x0000000000000000        0x0 build/Release/production/src/uart.o
 .data          0x0000000000000000        0x0 build/Release/production/src/uart.o
 .bss           0x0000000000000000        0x0 build/Release/production/src/uart.o
 .text          0x0000000000000000        0x0 build/Release/production/main.o
 .data          0x0000000000000000        0x0 build/Release/production/main.o
 .bss           0x0000000000000000        0x0 build/Release/production/main.o
 .text          0x0000000000000000        0x0 c:/program files (x86)/microchip/xc8/avr/bin/../lib/gcc/avr/5.4.0/../../../../avr/lib/avrxmega4/memx-const\libm.a(addsf3.o)
 .data          0x0000000000000000        0x0 c:/program files (x86)/microchip/xc8/avr/bin/../lib/gcc/avr/5.4.0/../../../../avr/lib/avrxmega4/memx-const\libm.a(addsf3.o)
 .bss           0x0000000000000000        0x0 c:/program files (x86)/microchip/xc8/avr/bin/../lib/gcc/avr/5.4.0/../../../../avr/lib/avrxmega4/memx-const\libm.a(addsf3.o)
 .text          0x0000000000000000        0x0 c:/program files (x86)/microchip/xc8/avr/bin/../lib/gcc/avr/5.4.0/../../../../avr/lib/avrxmega4/memx-const\libm.a(addsf3x.o)
 .data          0x0000000000000000        0x0 c:/program files (x86)/microchip/xc8/avr/bin/../lib/gcc/avr/5.4.0/../../../../avr/lib/avrxmega4/memx-const\libm.a(addsf3x.o)
 .bss           0x0000000000000000        0x0 c:/program files (x86)/microchip/xc8/avr/bin/../lib/gcc/avr/5.4.0/../../../../avr/lib/avrxmega4/memx-const\libm.a(addsf3x.o)
 .text          0x0000000000000000        0x0 c:/program files (x86)/microchip/xc8/avr/bin/../lib/gcc/avr/5.4.0/../../../../avr/lib/avrxmega4/memx-const\libm.a(divsf3.o)
 .data          0x0000000000000000        0x0 c:/program files (x86)/microchip/xc8/avr/bin/../lib/gcc/avr/5.4.0/../../../../avr/lib/avrxmega4/memx-const\libm.a(divsf3.o)
 .bss           0x0000000000000000        0x0 c:/program files (x86)/microchip/xc8/avr/bin/../lib/gcc/avr/5.4.0/../../../../avr/lib/avrxmega4/memx-const\libm.a(divsf3.o)
 .text          0x0000000000000000        0x0 c:/program files (x86)/microchip/xc8/avr/bin/../lib/gcc/avr/5.4.0/../../../../avr/lib/avrxmega4/memx-const\libm.a(divsf3x.o)
 .data          0x0000000000000000        0x0 c:/program files (x86)/microchip/xc8/avr/bin/../lib/gcc/avr/5.4.0/../../../../avr/lib/avrxmega4/memx-const\libm.a(divsf3x.o)
 .bss           0x0000000000000000        0x0 c:/program files (x86)/microchip/xc8/avr/bin/../lib/gcc/avr/5.4.0/../../../../avr/lib/avrxmega4/memx-const\libm.a(divsf3x.o)
 .text          0x0000000000000000        0x0 c:/program files (x86)/microchip/xc8/avr/bin/../lib/gcc/avr/5.4.0/../../../../avr/lib/avrxmega4/memx-const\libm.a(fixunssfsi.o)
 .data          0x0000000000000000        0x0 c:/program files (x86)/microchip/xc8/avr/bin/../lib/gcc/avr/5.4.0/../../../../avr/lib/avrxmega4/memx-const\libm.a(fixunssfsi.o)
 .bss           0x0000000000000000        0x0 c:/program files (x86)/microchip/xc8/avr/bin/../lib/gcc/avr/5.4.0/../../../../avr/lib/avrxmega4/memx-const\libm.a(fixunssfsi.o)
 .text          0x0000000000000000        0x0 c:/program files (x86)/microchip/xc8/avr/bin/../lib/gcc/avr/5.4.0/../../../../avr/lib/avrxmega4/memx-const\libm.a(floatsisf.o)
 .data          0x0000000000000000        0x0 c:/program files (x86)/microchip/xc8/avr/bin/../lib/gcc/avr/5.4.0/../../../../avr/lib/avrxmega4/memx-const\libm.a(floatsisf.o)
 .bss           0x0000000000000000        0x0 c:/program files (x86)/microchip/xc8/avr/bin/../lib/gcc/avr/5.4.0/../../../../avr/lib/avrxmega4/memx-const\libm.a(floatsisf.o)
 .text          0x0000000000000000        0x0 c:/program files (x86)/microchip/xc8/avr/bin/../lib/gcc/avr/5.4.0/../../../../avr/lib/avrxmega4/memx-const\libm.a(fp_inf.o)
 .data          0x0000000000000000        0x0 c:/program files (x86)/microchip/xc8/avr/bin/../lib/gcc/avr/5.4.0/../../../../avr/lib/avrxmega4/memx-const\libm.a(fp_inf.o)
 .bss           0x0000000000000000        0x0 c:/program files (x86)/microchip/xc8/avr/bin/../lib/gcc/avr/5.4.0/../../../../avr/lib/avrxmega4/memx-const\libm.a(fp_inf.o)
 .text          0x0000000000000000        0x0 c:/program files (x86)/microchip/xc8/avr/bin/../lib/gcc/avr/5.4.0/../../../../avr/lib/avrxmega4/memx-const\libm.a(fp_nan.o)
 .data          0x0000000000000000        0x0 c:/program files (x86)/microchip/xc8/avr/bin/../lib/gcc/avr/5.4.0/../../../../avr/lib/avrxmega4/memx-const\libm.a(fp_nan.o)
 .bss           0x0000000000000000        0x0 c:/program files (x86)/microchip/xc8/avr/bin/../lib/gcc/avr/5.4.0/../../../../avr/lib/avrxmega4/memx-const\libm.a(fp_nan.o)
 .text          0x0000000000000000        0x0 c:/program files (x86)/microchip/xc8/avr/bin/../lib/gcc/avr/5.4.0/../../../../avr/lib/avrxmega4/memx-const\libm.a(fp_pscA.o)
 .data          0x0000000000000000        0x0 c:/program files (x86)/microchip/xc8/avr/bin/../lib/gcc/avr/5.4.0/../../../../avr/lib/avrxmega4/memx-const\libm.a(fp_pscA.o)
 .bss           0x0000000000000000        0x0 c:/program files (x86)/microchip/xc8/avr/bin/../lib/gcc/avr/5.4.0/../../../../avr/lib/avrxmega4/memx-const\libm.a(fp_pscA.o)
 .text          0x0000000000000000        0x0 c:/program files (x86)/microchip/xc8/avr/bin/../lib/gcc/avr/5.4.0/../../../../avr/lib/avrxmega4/memx-const\libm.a(fp_pscB.o)
 .data          0x0000000000000000        0x0 c:/program files (x86)/microchip/xc8/avr/bin/../lib/gcc/avr/5.4.0/../../../../avr/lib/avrxmega4/memx-const\libm.a(fp_pscB.o)
 .bss           0x0000000000000000        0x0 c:/program files (x86)/microchip/xc8/avr/bin/../lib/gcc/avr/5.4.0/../../../../avr/lib/avrxmega4/memx-const\libm.a(fp_pscB.o)
 .text          0x0000000000000000        0x0 c:/program files (x86)/microchip/xc8/avr/bin/../lib/gcc/avr/5.4.0/../../../../avr/lib/avrxmega4/memx-const\libm.a(fp_round.o)
 .data          0x0000000000000000        0x0 c:/program files (x86)/microchip/xc8/avr/bin/../lib/gcc/avr/5.4.0/../../../../avr/lib/avrxmega4/memx-const\libm.a(fp_round.o)
 .bss           0x0000000000000000        0x0 c:/program files (x86)/microchip/xc8/avr/bin/../lib/gcc/avr/5.4.0/../../../../avr/lib/avrxmega4/memx-const\libm.a(fp_round.o)
 .text          0x0000000000000000        0x0 c:/program files (x86)/microchip/xc8/avr/bin/../lib/gcc/avr/5.4.0/../../../../avr/lib/avrxmega4/memx-const\libm.a(fp_split3.o)
 .data          0x0000000000000000        0x0 c:/program files (x86)/microchip/xc8/avr/bin/../lib/gcc/avr/5.4.0/../../../../avr/lib/avrxmega4/memx-const\libm.a(fp_split3.o)
 .bss           0x0000000000000000        0x0 c:/program files (x86)/microchip/xc8/avr/bin/../lib/gcc/avr/5.4.0/../../../../avr/lib/avrxmega4/memx-const\libm.a(fp_split3.o)
 .text          0x0000000000000000        0x0 c:/program files (x86)/microchip/xc8/avr/bin/../lib/gcc/avr/5.4.0/../../../../avr/lib/avrxmega4/memx-const\libm.a(fp_zero.o)
 .data          0x0000000000000000        0x0 c:/program files (x86)/microchip/xc8/avr/bin/../lib/gcc/avr/5.4.0/../../../../avr/lib/avrxmega4/memx-const\libm.a(fp_zero.o)
 .bss           0x0000000000000000        0x0 c:/program files (x86)/microchip/xc8/avr/bin/../lib/gcc/avr/5.4.0/../../../../avr/lib/avrxmega4/memx-const\libm.a(fp_zero.o)
 .text          0x0000000000000000        0x0 c:/program files (x86)/microchip/xc8/avr/bin/../lib/gcc/avr/5.4.0/../../../../avr/lib/avrxmega4/memx-const\libm.a(mulsf3.o)
 .data          0x0000000000000000        0x0 c:/program files (x86)/microchip/xc8/avr/bin/../lib/gcc/avr/5.4.0/../../../../avr/lib/avrxmega4/memx-const\libm.a(mulsf3.o)
 .bss           0x0000000000000000        0x0 c:/program files (x86)/microchip/xc8/avr/bin/../lib/gcc/avr/5.4.0/../../../../avr/lib/avrxmega4/memx-const\libm.a(mulsf3.o)
 .text          0x0000000000000000        0x0 c:/program files (x86)/microchip/xc8/avr/bin/../lib/gcc/avr/5.4.0/../../../../avr/lib/avrxmega4/memx-const\libm.a(mulsf3x.o)
 .data          0x0000000000000000        0x0 c:/program files (x86)/microchip/xc8/avr/bin/../lib/gcc/avr/5.4.0/../../../../avr/lib/avrxmega4/memx-const\libm.a(mulsf3x.o)
 .bss           0x0000000000000000        0x0 c:/program files (x86)/microchip/xc8/avr/bin/../lib/gcc/avr/5.4.0/../../../../avr/lib/avrxmega4/memx-const\libm.a(mulsf3x.o)
 .text          0x0000000000000000        0x0 c:/program files (x86)/microchip/xc8/avr/bin/../lib/gcc/avr/5.4.0/../../../../avr/lib/avrxmega4/memx-const\libm.a(sin.o)
 .data          0x0000000000000000        0x0 c:/program files (x86)/microchip/xc8/avr/bin/../lib/gcc/avr/5.4.0/../../../../avr/lib/avrxmega4/memx-const\libm.a(sin.o)
 .bss           0x0000000000000000        0x0 c:/program files (x86)/microchip/xc8/avr/bin/../lib/gcc/avr/5.4.0/../../../../avr/lib/avrxmega4/memx-const\libm.a(sin.o)
 .text          0x0000000000000000        0x0 c:/program files (x86)/microchip/xc8/avr/bin/../lib/gcc/avr/5.4.0/../../../../avr/lib/avrxmega4/memx-const\libm.a(fp_rempio2.o)
 .data          0x0000000000000000        0x0 c:/program files (x86)/microchip/xc8/avr/bin/../lib/gcc/avr/5.4.0/../../../../avr/lib/avrxmega4/memx-const\libm.a(fp_rempio2.o)
 .bss           0x0000000000000000        0x0 c:/program files (x86)/microchip/xc8/avr/bin/../lib/gcc/avr/5.4.0/../../../../avr/lib/avrxmega4/memx-const\libm.a(fp_rempio2.o)
 .text          0x0000000000000000        0x0 c:/program files (x86)/microchip/xc8/avr/bin/../lib/gcc/avr/5.4.0/../../../../avr/lib/avrxmega4/memx-const\libm.a(fp_sinus.o)
 .data          0x0000000000000000        0x0 c:/program files (x86)/microchip/xc8/avr/bin/../lib/gcc/avr/5.4.0/../../../../avr/lib/avrxmega4/memx-const\libm.a(fp_sinus.o)
 .bss           0x0000000000000000        0x0 c:/program files (x86)/microchip/xc8/avr/bin/../lib/gcc/avr/5.4.0/../../../../avr/lib/avrxmega4/memx-const\libm.a(fp_sinus.o)
 .text          0x0000000000000000        0x0 c:/program files (x86)/microchip/xc8/avr/bin/../lib/gcc/avr/5.4.0/../../../../avr/lib/avrxmega4/memx-const\libm.a(fp_mpack.o)
 .data          0x0000000000000000        0x0 c:/program files (x86)/microchip/xc8/avr/bin/../lib/gcc/avr/5.4.0/../../../../avr/lib/avrxmega4/memx-const\libm.a(fp_mpack.o)
 .bss           0x0000000000000000        0x0 c:/program files (x86)/microchip/xc8/avr/bin/../lib/gcc/avr/5.4.0/../../../../avr/lib/avrxmega4/memx-const\libm.a(fp_mpack.o)
 .text          0x0000000000000000        0x0 c:/program files (x86)/microchip/xc8/avr/bin/../lib/gcc/avr/5.4.0/../../../../avr/lib/avrxmega4/memx-const\libm.a(fp_powsodd.o)
 .data          0x0000000000000000        0x0 c:/program files (x86)/microchip/xc8/avr/bin/../lib/gcc/avr/5.4.0/../../../../avr/lib/avrxmega4/memx-const\libm.a(fp_powsodd.o)
 .bss           0x0000000000000000        0x0 c:/program files (x86)/microchip/xc8/avr/bin/../lib/gcc/avr/5.4.0/../../../../avr/lib/avrxmega4/memx-const\libm.a(fp_powsodd.o)
 .text          0x0000000000000000        0x0 c:/program files (x86)/microchip/xc8/avr/bin/../lib/gcc/avr/5.4.0/../../../../avr/lib/avrxmega4/memx-const\libm.a(fp_powser.o)
 .data          0x0000000000000000        0x0 c:/program files (x86)/microchip/xc8/avr/bin/../lib/gcc/avr/5.4.0/../../../../avr/lib/avrxmega4/memx-const\libm.a(fp_powser.o)
 .bss           0x0000000000000000        0x0 c:/program files (x86)/microchip/xc8/avr/bin/../lib/gcc/avr/5.4.0/../../../../avr/lib/avrxmega4/memx-const\libm.a(fp_powser.o)
 .text          0x0000000000000000        0x0 c:/program files (x86)/microchip/xc8/avr/bin/../lib/gcc/avr/5.4.0/avrxmega4/memx-const\libgcc.a(_exit.o)
 .data          0x0000000000000000        0x0 c:/program files (x86)/microchip/xc8/avr/bin/../lib/gcc/avr/5.4.0/avrxmega4/memx-const\libgcc.a(_exit.o)
 .bss           0x0000000000000000        0x0 c:/program files (x86)/microchip/xc8/avr/bin/../lib/gcc/avr/5.4.0/avrxmega4/memx-const\libgcc.a(_exit.o)
 .text.libgcc.mul
                0x0000000000000000        0x0 c:/program files (x86)/microchip/xc8/avr/bin/../lib/gcc/avr/5.4.0/avrxmega4/memx-const\libgcc.a(_exit.o)
 .text.libgcc.div
                0x0000000000000000        0x0 c:/program files (x86)/microchip/xc8/avr/bin/../lib/gcc/avr/5.4.0/avrxmega4/memx-const\libgcc.a(_exit.o)
 .text.libgcc   0x0000000000000000        0x0 c:/program files (x86)/microchip/xc8/avr/bin/../lib/gcc/avr/5.4.0/avrxmega4/memx-const\libgcc.a(_exit.o)
 .text.libgcc.prologue
                0x0000000000000000        0x0 c:/program files (x86)/microchip/xc8/avr/bin/../lib/gcc/avr/5.4.0/avrxmega4/memx-const\libgcc.a(_exit.o)
 .text.libgcc.builtins
                0x0000000000000000        0x0 c:/program files (x86)/microchip/xc8/avr/bin/../lib/gcc/avr/5.4.0/avrxmega4/memx-const\libgcc.a(_exit.o)
 .text.libgcc.fmul
                0x0000000000000000        0x0 c:/program files (x86)/microchip/xc8/avr/bin/../lib/gcc/avr/5.4.0/avrxmega4/memx-const\libgcc.a(_exit.o)
 .text.libgcc.fixed
                0x0000000000000000        0x0 c:/program files (x86)/microchip/xc8/avr/bin/../lib/gcc/avr/5.4.0/avrxmega4/memx-const\libgcc.a(_exit.o)
 .text          0x0000000000000000        0x0 c:/program files (x86)/microchip/xc8/avr/bin/../lib/gcc/avr/5.4.0/avrxmega4/memx-const\libgcc.a(_copy_data.o)
 .data          0x0000000000000000        0x0 c:/program files (x86)/microchip/xc8/avr/bin/../lib/gcc/avr/5.4.0/avrxmega4/memx-const\libgcc.a(_copy_data.o)
 .bss           0x0000000000000000        0x0 c:/program files (x86)/microchip/xc8/avr/bin/../lib/gcc/avr/5.4.0/avrxmega4/memx-const\libgcc.a(_copy_data.o)
 .text.libgcc.mul
                0x0000000000000000        0x0 c:/program files (x86)/microchip/xc8/avr/bin/../lib/gcc/avr/5.4.0/avrxmega4/memx-const\libgcc.a(_copy_data.o)
 .text.libgcc.div
                0x0000000000000000        0x0 c:/program files (x86)/microchip/xc8/avr/bin/../lib/gcc/avr/5.4.0/avrxmega4/memx-const\libgcc.a(_copy_data.o)
 .text.libgcc   0x0000000000000000        0x0 c:/program files (x86)/microchip/xc8/avr/bin/../lib/gcc/avr/5.4.0/avrxmega4/memx-const\libgcc.a(_copy_data.o)
 .text.libgcc.prologue
                0x0000000000000000        0x0 c:/program files (x86)/microchip/xc8/avr/bin/../lib/gcc/avr/5.4.0/avrxmega4/memx-const\libgcc.a(_copy_data.o)
 .text.libgcc.builtins
                0x0000000000000000        0x0 c:/program files (x86)/microchip/xc8/avr/bin/../lib/gcc/avr/5.4.0/avrxmega4/memx-const\libgcc.a(_copy_data.o)
 .text.libgcc.fmul
                0x0000000000000000        0x0 c:/program files (x86)/microchip/xc8/avr/bin/../lib/gcc/avr/5.4.0/avrxmega4/memx-const\libgcc.a(_copy_data.o)
 .text.libgcc.fixed
                0x0000000000000000        0x0 c:/program files (x86)/microchip/xc8/avr/bin/../lib/gcc/avr/5.4.0/avrxmega4/memx-const\libgcc.a(_copy_data.o)
 .text          0x0000000000000000        0x0 c:/program files (x86)/microchip/xc8/avr/bin/../lib/gcc/avr/5.4.0/avrxmega4/memx-const\libgcc.a(_umulhisi3.o)
 .data          0x0000000000000000        0x0 c:/program files (x86)/microchip/xc8/avr/bin/../lib/gcc/avr/5.4.0/avrxmega4/memx-const\libgcc.a(_umulhisi3.o)
 .bss           0x0000000000000000        0x0 c:/program files (x86)/microchip/xc8/avr/bin/../lib/gcc/avr/5.4.0/avrxmega4/memx-const\libgcc.a(_umulhisi3.o)
 .text.libgcc.div
                0x0000000000000000        0x0 c:/program files (x86)/microchip/xc8/avr/bin/../lib/gcc/avr/5.4.0/avrxmega4/memx-const\libgcc.a(_umulhisi3.o)
 .text.libgcc   0x0000000000000000        0x0 c:/program files (x86)/microchip/xc8/avr/bin/../lib/gcc/avr/5.4.0/avrxmega4/memx-const\libgcc.a(_umulhisi3.o)
 .text.libgcc.prologue
                0x0000000000000000        0x0 c:/program files (x86)/microchip/xc8/avr/bin/../lib/gcc/avr/5.4.0/avrxmega4/memx-const\libgcc.a(_umulhisi3.o)
 .text.libgcc.builtins
                0x0000000000000000        0x0 c:/program files (x86)/microchip/xc8/avr/bin/../lib/gcc/avr/5.4.0/avrxmega4/memx-const\libgcc.a(_umulhisi3.o)
 .text.libgcc.fmul
                0x0000000000000000        0x0 c:/program files (x86)/microchip/xc8/avr/bin/../lib/gcc/avr/5.4.0/avrxmega4/memx-const\libgcc.a(_umulhisi3.o)
 .text.libgcc.fixed
                0x0000000000000000        0x0 c:/program files (x86)/microchip/xc8/avr/bin/../lib/gcc/avr/5.4.0/avrxmega4/memx-const\libgcc.a(_umulhisi3.o)
 .text          0x0000000000000000        0x0 c:/program files (x86)/microchip/xc8/avr/bin/../lib/gcc/avr/5.4.0/../../../../avr/lib/avrxmega4/memx-const\libc.a(memcpy_M.o)
 .data          0x0000000000000000        0x0 c:/program files (x86)/microchip/xc8/avr/bin/../lib/gcc/avr/5.4.0/../../../../avr/lib/avrxmega4/memx-const\libc.a(memcpy_M.o)
 .bss           0x0000000000000000        0x0 c:/program files (x86)/microchip/xc8/avr/bin/../lib/gcc/avr/5.4.0/../../../../avr/lib/avrxmega4/memx-const\libc.a(memcpy_M.o)
 .text          0x0000000000000000        0x0 C:/Users/m52422/.mchp_packs/Microchip/AVR-Dx_DFP/1.4.75/xc8/avr/lib/avrxmega4/memx-const\libavr128db48.a(ccp_write.o)
 .data          0x0000000000000000        0x0 C:/Users/m52422/.mchp_packs/Microchip/AVR-Dx_DFP/1.4.75/xc8/avr/lib/avrxmega4/memx-const\libavr128db48.a(ccp_write.o)
 .bss           0x0000000000000000        0x0 C:/Users/m52422/.mchp_packs/Microchip/AVR-Dx_DFP/1.4.75/xc8/avr/lib/avrxmega4/memx-const\libavr128db48.a(ccp_write.o)
 .text          0x0000000000000000        0x0 c:/program files (x86)/microchip/xc8/avr/bin/../lib/gcc/avr/5.4.0/avrxmega4/memx-const\libgcc.a(_xload_1.o)
 .data          0x0000000000000000        0x0 c:/program files (x86)/microchip/xc8/avr/bin/../lib/gcc/avr/5.4.0/avrxmega4/memx-const\libgcc.a(_xload_1.o)
 .bss           0x0000000000000000        0x0 c:/program files (x86)/microchip/xc8/avr/bin/../lib/gcc/avr/5.4.0/avrxmega4/memx-const\libgcc.a(_xload_1.o)
 .text.libgcc.mul
                0x0000000000000000        0x0 c:/program files (x86)/microchip/xc8/avr/bin/../lib/gcc/avr/5.4.0/avrxmega4/memx-const\libgcc.a(_xload_1.o)
 .text.libgcc.div
                0x0000000000000000        0x0 c:/program files (x86)/microchip/xc8/avr/bin/../lib/gcc/avr/5.4.0/avrxmega4/memx-const\libgcc.a(_xload_1.o)
 .text.libgcc.prologue
                0x0000000000000000        0x0 c:/program files (x86)/microchip/xc8/avr/bin/../lib/gcc/avr/5.4.0/avrxmega4/memx-const\libgcc.a(_xload_1.o)
 .text.libgcc.builtins
                0x0000000000000000        0x0 c:/program files (x86)/microchip/xc8/avr/bin/../lib/gcc/avr/5.4.0/avrxmega4/memx-const\libgcc.a(_xload_1.o)
 .text.libgcc.fmul
                0x0000000000000000        0x0 c:/program files (x86)/microchip/xc8/avr/bin/../lib/gcc/avr/5.4.0/avrxmega4/memx-const\libgcc.a(_xload_1.o)
 .text.libgcc.fixed
                0x0000000000000000        0x0 c:/program files (x86)/microchip/xc8/avr/bin/../lib/gcc/avr/5.4.0/avrxmega4/memx-const\libgcc.a(_xload_1.o)

Memory Configuration

Name             Origin             Length             Attributes
text             0x0000000000000000 0x0000000000020000 xr
data             0x0000000000804000 0x0000000000004000 rw !x
eeprom           0x0000000000810000 0x0000000000000200 rw !x
fuse             0x0000000000820000 0x0000000000000010 rw !x
lock             0x0000000000830000 0x0000000000000400 rw !x
signature        0x0000000000840000 0x0000000000000400 rw !x
user_signatures  0x0000000000850000 0x0000000000000400 rw !x
*default*        0x0000000000000000 0xffffffffffffffff

Linker script and memory map

Address of section .data set to 0x804000
                0x0000000000008000                __RODATA_PM_OFFSET__ = 0x8000
LOAD C:/Users/m52422/.mchp_packs/Microchip/AVR-Dx_DFP/1.4.75/xc8/avr/lib/avrxmega4/memx-const/crtavr128db48.o
                0x0000000000000001                __MPLAB_BUILD = 0x1
LOAD build/Release/production/src/adc.o
LOAD build/Release/production/src/dac.o
LOAD build/Release/production/src/rtc.o
LOAD build/Release/production/src/uart.o
LOAD build/Release/production/main.o
START GROUP
LOAD c:/program files (x86)/microchip/xc8/avr/bin/../lib/gcc/avr/5.4.0/../../../../avr/lib/avrxmega4/memx-const\libm.a
LOAD c:/program files (x86)/microchip/xc8/avr/bin/../lib/gcc/avr/5.4.0/../../../../avr/lib/avrxmega4/memx-const\libm.a
END GROUP
START GROUP
LOAD c:/program files (x86)/microchip/xc8/avr/bin/../lib/gcc/avr/5.4.0/avrxmega4/memx-const\libgcc.a
LOAD c:/program files (x86)/microchip/xc8/avr/bin/../lib/gcc/avr/5.4.0/../../../../avr/lib/avrxmega4/memx-const\libm.a
LOAD c:/program files (x86)/microchip/xc8/avr/bin/../lib/gcc/avr/5.4.0/../../../../avr/lib/avrxmega4/memx-const\libc.a
LOAD C:/Users/m52422/.mchp_packs/Microchip/AVR-Dx_DFP/1.4.75/xc8/avr/lib/avrxmega4/memx-const\libavr128db48.a
END GROUP
                [0x0000000000000000]                __TEXT_REGION_ORIGIN__ = DEFINED (__TEXT_REGION_ORIGIN__)?__TEXT_REGION_ORIGIN__:0x0
                [0x0000000000804000]                __DATA_REGION_ORIGIN__ = DEFINED (__DATA_REGION_ORIGIN__)?__DATA_REGION_ORIGIN__:0x802000
                [0x0000000000020000]                __TEXT_REGION_LENGTH__ = DEFINED (__TEXT_REGION_LENGTH__)?__TEXT_REGION_LENGTH__:0x100000
                [0x0000000000004000]                __DATA_REGION_LENGTH__ = DEFINED (__DATA_REGION_LENGTH__)?__DATA_REGION_LENGTH__:0xffa0
                [0x0000000000000200]                __EEPROM_REGION_LENGTH__ = DEFINED (__EEPROM_REGION_LENGTH__)?__EEPROM_REGION_LENGTH__:0x10000
                [0x0000000000000010]                __FUSE_REGION_LENGTH__ = DEFINED (__FUSE_REGION_LENGTH__)?__FUSE_REGION_LENGTH__:0x400
                0x0000000000000400                __LOCK_REGION_LENGTH__ = DEFINED (__LOCK_REGION_LENGTH__)?__LOCK_REGION_LENGTH__:0x400
                0x0000000000000400                __SIGNATURE_REGION_LENGTH__ = DEFINED (__SIGNATURE_REGION_LENGTH__)?__SIGNATURE_REGION_LENGTH__:0x400
                0x0000000000000400                __USER_SIGNATURE_REGION_LENGTH__ = DEFINED (__USER_SIGNATURE_REGION_LENGTH__)?__USER_SIGNATURE_REGION_LENGTH__:0x400

.hash
 *(.hash)

.dynsym
 *(.dynsym)

.dynstr
 *(.dynstr)

.gnu.version
 *(.gnu.version)

.gnu.version_d
 *(.gnu.version_d)

.gnu.version_r
 *(.gnu.version_r)

.rel.init
 *(.rel.init)

.rela.init
 *(.rela.init)

.rel.text
 *(.rel.text)
 *(.rel.text.*)
 *(.rel.gnu.linkonce.t*)

.rela.text
 *(.rela.text)
 *(.rela.text.*)
 *(.rela.gnu.linkonce.t*)

.rel.fini
 *(.rel.fini)

.rela.fini
 *(.rela.fini)

.rel.rodata
 *(.rel.rodata)
 *(.rel.rodata.*)
 *(.rel.gnu.linkonce.r*)

.rela.rodata
 *(.rela.rodata)
 *(.rela.rodata.*)
 *(.rela.gnu.linkonce.r*)

.rel.data
 *(.rel.data)
 *(.rel.data.*)
 *(.rel.gnu.linkonce.d*)

.rela.data
 *(.rela.data)
 *(.rela.data.*)
 *(.rela.gnu.linkonce.d*)

.rel.ctors
 *(.rel.ctors)

.rela.ctors
 *(.rela.ctors)

.rel.dtors
 *(.rel.dtors)

.rela.dtors
 *(.rela.dtors)

.rel.got
 *(.rel.got)

.rela.got
 *(.rela.got)

.rel.bss
 *(.rel.bss)

.rela.bss
 *(.rela.bss)

.rel.plt
 *(.rel.plt)

.rela.plt
 *(.rela.plt)

.text           0x0000000000000000      0x176
 *(.vectors)
 .vectors       0x0000000000000000       0xf4 C:/Users/m52422/.mchp_packs/Microchip/AVR-Dx_DFP/1.4.75/xc8/avr/lib/avrxmega4/memx-const/crtavr128db48.o
                0x0000000000000000                __vector_default
                0x0000000000000000                __vectors
 *(.vectors)
 *(.progmem.gcc*)
 .progmem.gcc_fplib
                0x00000000000000f4       0x1e c:/program files (x86)/microchip/xc8/avr/bin/../lib/gcc/avr/5.4.0/../../../../avr/lib/avrxmega4/memx-const\libm.a(fp_sinus.o)
 *(.dinit)
 .dinit         0x0000000000000112        0xc data_init
                0x000000000000011e                . = ALIGN (0x2)
                0x000000000000011e                __trampolines_start = .
 *(.trampolines)
 .trampolines   0x000000000000011e        0x0 linker stubs
 *(.trampolines*)
                0x000000000000011e                __trampolines_end = .
 *libprintf_flt.a:*(.progmem.data)
 *libc.a:*(.progmem.data)
                0x000000000000011e                . = ALIGN (0x2)
 *(.jumptables)
 *(.jumptables*)
 *(.lowtext)
 *(.lowtext*)
                0x000000000000011e                __ctors_start = .
 *(.ctors)
                0x000000000000011e                __ctors_end = .
                0x000000000000011e                __dtors_start = .
 *(.dtors)
                0x000000000000011e                __dtors_end = .
 SORT(*)(.ctors)
 SORT(*)(.dtors)
 *(.init0)
 .init0         0x000000000000011e        0x0 C:/Users/m52422/.mchp_packs/Microchip/AVR-Dx_DFP/1.4.75/xc8/avr/lib/avrxmega4/memx-const/crtavr128db48.o
                0x000000000000011e                __init
 *(.init0)
 *(.init1)
 *(.init1)
 *(.init2)
 .init2         0x000000000000011e        0xc C:/Users/m52422/.mchp_packs/Microchip/AVR-Dx_DFP/1.4.75/xc8/avr/lib/avrxmega4/memx-const/crtavr128db48.o
 *(.init2)
 *(.init3)
 *(.init3)
 *(.init4)
 .init4         0x000000000000012a       0x40 c:/program files (x86)/microchip/xc8/avr/bin/../lib/gcc/avr/5.4.0/avrxmega4/memx-const\libgcc.a(_copy_data.o)
                0x000000000000012a                __do_copy_data
                0x000000000000015c                __do_clear_bss
 *(.init4)
 *(.init5)
 *(.init5)
 *(.init6)
 *(.init6)
 *(.init7)
 *(.init7)
 *(.init8)
 *(.init8)
 *(.init9)
 .init9         0x000000000000016a        0x8 C:/Users/m52422/.mchp_packs/Microchip/AVR-Dx_DFP/1.4.75/xc8/avr/lib/avrxmega4/memx-const/crtavr128db48.o
 *(.init9)
                0x0000000000000172                . = ALIGN (0x2)
 *(.fini9)
 .fini9         0x0000000000000172        0x0 c:/program files (x86)/microchip/xc8/avr/bin/../lib/gcc/avr/5.4.0/avrxmega4/memx-const\libgcc.a(_exit.o)
                0x0000000000000172                _exit
                0x0000000000000172                exit
 *(.fini9)
 *(.fini8)
 *(.fini8)
 *(.fini7)
 *(.fini7)
 *(.fini6)
 *(.fini6)
 *(.fini5)
 *(.fini5)
 *(.fini4)
 *(.fini4)
 *(.fini3)
 *(.fini3)
 *(.fini2)
 *(.fini2)
 *(.fini1)
 *(.fini1)
 *(.fini0)
 .fini0         0x0000000000000172        0x4 c:/program files (x86)/microchip/xc8/avr/bin/../lib/gcc/avr/5.4.0/avrxmega4/memx-const\libgcc.a(_exit.o)
 *(.fini0)
                0x0000000000000176                _etext = .

.data           0x0000000000804000        0x0 load address 0x0000000000000176
                [!provide]                        PROVIDE (__data_start, .)
 *(.gnu.linkonce.d*)
 *(.gnu.linkonce.r*)
                0x0000000000804000                . = ALIGN (0x2)
                0x0000000000804000                _edata = .
                [!provide]                        PROVIDE (__data_end, .)

.bss            0x0000000000804000       0xc6
                [!provide]                        PROVIDE (__bss_start, .)
 *(COMMON)
 COMMON         0x0000000000804000       0xbf build/Release/production/src/adc.o
                0x0000000000804000                sine_wave
                0x00000000008040b8                data_stream
 COMMON         0x00000000008040bf        0x7 build/Release/production/src/uart.o
                0x00000000008040bf                TX_buffer
                [!provide]                        PROVIDE (__bss_end, .)
                0x0000000000000176                __data_load_start = LOADADDR (.data)
                0x0000000000000176                __data_load_end = (__data_load_start + SIZEOF (.data))

.noinit         0x00000000008040c6        0x0
                [!provide]                        PROVIDE (__noinit_start, .)
 *(.noinit*)
                [!provide]                        PROVIDE (__noinit_end, .)
                0x00000000008040c6                _end = .

.eeprom         0x0000000000810000        0x0
 *(.eeprom*)
                0x0000000000810000                __eeprom_end = .

.fuse           0x0000000000820000        0x9
 *(.fuse)
 .fuse          0x0000000000820000        0x9 build/Release/production/main.o
                0x0000000000820000                __fuse
 *(.lfuse)
 *(.hfuse)
 *(.efuse)

.lock           0x0000000000830000        0x4
 *(.lock*)
 .lock          0x0000000000830000        0x4 build/Release/production/main.o
                0x0000000000830000                __lock

.signature
 *(.signature*)

.user_signatures
 *(.user_signatures*)

.stab
 *(.stab)

.stabstr
 *(.stabstr)

.stab.excl
 *(.stab.excl)

.stab.exclstr
 *(.stab.exclstr)

.stab.index
 *(.stab.index)

.stab.indexstr
 *(.stab.indexstr)

.comment        0x0000000000000000       0x5b
 *(.comment)
 .comment       0x0000000000000000       0x2f build/Release/production/src/adc.o
                                         0x30 (size before relaxing)
 .comment       0x000000000000002f       0x30 build/Release/production/src/dac.o
 .comment       0x000000000000002f       0x30 build/Release/production/src/rtc.o
 .comment       0x000000000000002f       0x30 build/Release/production/src/uart.o
 .comment       0x000000000000002f       0x30 build/Release/production/main.o
 .comment       0x000000000000002f       0x2c c:/program files (x86)/microchip/xc8/avr/bin/../lib/gcc/avr/5.4.0/../../../../avr/lib/avrxmega4/memx-const\libc.a(memcpy_M.o)
                                         0x2d (size before relaxing)

.note.gnu.build-id
 *(.note.gnu.build-id)

.debug
 *(.debug)

.line
 *(.line)

.debug_srcinfo
 *(.debug_srcinfo)

.debug_sfnames
 *(.debug_sfnames)

.debug_aranges  0x0000000000000000      0x150
 *(.debug_aranges)
 .debug_aranges
                0x0000000000000000       0x48 build/Release/production/src/adc.o
 .debug_aranges
                0x0000000000000048       0x48 build/Release/production/src/dac.o
 .debug_aranges
                0x0000000000000090       0x40 build/Release/production/src/rtc.o
 .debug_aranges
                0x00000000000000d0       0x30 build/Release/production/src/uart.o
 .debug_aranges
                0x0000000000000100       0x30 build/Release/production/main.o
 .debug_aranges
                0x0000000000000130       0x20 C:/Users/m52422/.mchp_packs/Microchip/AVR-Dx_DFP/1.4.75/xc8/avr/lib/avrxmega4/memx-const\libavr128db48.a(ccp_write.o)

.debug_pubnames
 *(.debug_pubnames)

.debug_info     0x0000000000000000     0x757b
 *(.debug_info .gnu.linkonce.wi.*)
 .debug_info    0x0000000000000000     0x2f7b C:/Users/m52422/.mchp_packs/Microchip/AVR-Dx_DFP/1.4.75/xc8/avr/lib/avrxmega4/memx-const/crtavr128db48.o
 .debug_info    0x0000000000002f7b     0x128b build/Release/production/src/adc.o
 .debug_info    0x0000000000004206      0xc08 build/Release/production/src/dac.o
 .debug_info    0x0000000000004e0e      0x9b5 build/Release/production/src/rtc.o
 .debug_info    0x00000000000057c3      0x61e build/Release/production/src/uart.o
 .debug_info    0x0000000000005de1     0x16ea build/Release/production/main.o
 .debug_info    0x00000000000074cb       0xb0 C:/Users/m52422/.mchp_packs/Microchip/AVR-Dx_DFP/1.4.75/xc8/avr/lib/avrxmega4/memx-const\libavr128db48.a(ccp_write.o)

.debug_abbrev   0x0000000000000000     0x348f
 *(.debug_abbrev)
 .debug_abbrev  0x0000000000000000     0x2cf8 C:/Users/m52422/.mchp_packs/Microchip/AVR-Dx_DFP/1.4.75/xc8/avr/lib/avrxmega4/memx-const/crtavr128db48.o
 .debug_abbrev  0x0000000000002cf8      0x1c7 build/Release/production/src/adc.o
 .debug_abbrev  0x0000000000002ebf      0x213 build/Release/production/src/dac.o
 .debug_abbrev  0x00000000000030d2      0x134 build/Release/production/src/rtc.o
 .debug_abbrev  0x0000000000003206      0x140 build/Release/production/src/uart.o
 .debug_abbrev  0x0000000000003346      0x135 build/Release/production/main.o
 .debug_abbrev  0x000000000000347b       0x14 C:/Users/m52422/.mchp_packs/Microchip/AVR-Dx_DFP/1.4.75/xc8/avr/lib/avrxmega4/memx-const\libavr128db48.a(ccp_write.o)

.debug_line     0x0000000000000000      0xb59
 *(.debug_line .debug_line.* .debug_line_end)
 .debug_line    0x0000000000000000      0x208 C:/Users/m52422/.mchp_packs/Microchip/AVR-Dx_DFP/1.4.75/xc8/avr/lib/avrxmega4/memx-const/crtavr128db48.o
 .debug_line    0x0000000000000208      0x1d3 build/Release/production/src/adc.o
 .debug_line    0x00000000000003db      0x224 build/Release/production/src/dac.o
 .debug_line    0x00000000000005ff      0x16c build/Release/production/src/rtc.o
 .debug_line    0x000000000000076b      0x179 build/Release/production/src/uart.o
 .debug_line    0x00000000000008e4      0x20b build/Release/production/main.o
 .debug_line    0x0000000000000aef       0x6a C:/Users/m52422/.mchp_packs/Microchip/AVR-Dx_DFP/1.4.75/xc8/avr/lib/avrxmega4/memx-const\libavr128db48.a(ccp_write.o)

.debug_frame    0x0000000000000000      0x2b4
 *(.debug_frame)
 .debug_frame   0x0000000000000000       0xcc build/Release/production/src/adc.o
 .debug_frame   0x00000000000000cc       0xd0 build/Release/production/src/dac.o
 .debug_frame   0x000000000000019c       0x74 build/Release/production/src/rtc.o
 .debug_frame   0x0000000000000210       0x60 build/Release/production/src/uart.o
 .debug_frame   0x0000000000000270       0x44 build/Release/production/main.o

.debug_str      0x0000000000000000     0x1636
 *(.debug_str)
 .debug_str     0x0000000000000000     0x151a C:/Users/m52422/.mchp_packs/Microchip/AVR-Dx_DFP/1.4.75/xc8/avr/lib/avrxmega4/memx-const/crtavr128db48.o
 .debug_str     0x000000000000151a       0x36 build/Release/production/src/adc.o
 .debug_str     0x0000000000001550       0x1f build/Release/production/src/dac.o
 .debug_str     0x000000000000156f       0x1f build/Release/production/src/rtc.o
 .debug_str     0x000000000000158e        0x0 build/Release/production/src/uart.o
 .debug_str     0x000000000000158e       0xa8 build/Release/production/main.o

.debug_loc      0x0000000000000000       0xce
 *(.debug_loc)
 .debug_loc     0x0000000000000000       0xce build/Release/production/src/dac.o

.debug_macinfo
 *(.debug_macinfo)

.debug_weaknames
 *(.debug_weaknames)

.debug_funcnames
 *(.debug_funcnames)

.debug_typenames
 *(.debug_typenames)

.debug_varnames
 *(.debug_varnames)

.debug_pubtypes
 *(.debug_pubtypes)

.debug_ranges   0x0000000000000000       0xe0
 *(.debug_ranges)
 .debug_ranges  0x0000000000000000       0x38 build/Release/production/src/adc.o
 .debug_ranges  0x0000000000000038       0x38 build/Release/production/src/dac.o
 .debug_ranges  0x0000000000000070       0x30 build/Release/production/src/rtc.o
 .debug_ranges  0x00000000000000a0       0x20 build/Release/production/src/uart.o
 .debug_ranges  0x00000000000000c0       0x20 build/Release/production/main.o

.debug_macro
 *(.debug_macro)
OUTPUT(dist/Release/production/differential-amplifier.X.production.elf elf32-avr)
LOAD linker stubs
LOAD data_init

.note.gnu.avr.deviceinfo
                0x0000000000000000       0x40
 .note.gnu.avr.deviceinfo
                0x0000000000000000       0x40 C:/Users/m52422/.mchp_packs/Microchip/AVR-Dx_DFP/1.4.75/xc8/avr/lib/avrxmega4/memx-const/crtavr128db48.o

.bss.sine_wave_index
                0x00000000008040c6        0x2
 .bss.sine_wave_index
                0x00000000008040c6        0x2 build/Release/production/src/dac.o
                0x00000000008040c6                sine_wave_index

.text.__vector_14
                0x0000000000000176       0xee
 .text.__vector_14
                0x0000000000000176       0xee build/Release/production/src/dac.o
                0x0000000000000176                __vector_14

.text.avrlibc.fplib
                0x0000000000000264       0xdc
 .text.avrlibc.fplib
                0x0000000000000264       0xdc c:/program files (x86)/microchip/xc8/avr/bin/../lib/gcc/avr/5.4.0/../../../../avr/lib/avrxmega4/memx-const\libm.a(divsf3x.o)
                0x0000000000000284                __divsf3x
                0x000000000000028a                __divsf3_pse

.text.avrlibc.fplib
                0x0000000000000340       0xd2
 .text.avrlibc.fplib
                0x0000000000000340       0xd2 c:/program files (x86)/microchip/xc8/avr/bin/../lib/gcc/avr/5.4.0/../../../../avr/lib/avrxmega4/memx-const\libm.a(mulsf3x.o)
                0x000000000000035e                __mulsf3x
                0x0000000000000364                __mulsf3_pse

.text.avrlibc.fplib
                0x0000000000000412       0xcc
 .text.avrlibc.fplib
                0x0000000000000412       0xcc c:/program files (x86)/microchip/xc8/avr/bin/../lib/gcc/avr/5.4.0/../../../../avr/lib/avrxmega4/memx-const\libm.a(addsf3x.o)
                0x0000000000000434                __addsf3x

.text.__vector_26
                0x00000000000004de       0x7a
 .text.__vector_26
                0x00000000000004de       0x7a build/Release/production/src/adc.o
                0x00000000000004de                __vector_26

.text.avrlibc.fplib
                0x0000000000000558       0x7a
 .text.avrlibc.fplib
                0x0000000000000558       0x7a c:/program files (x86)/microchip/xc8/avr/bin/../lib/gcc/avr/5.4.0/../../../../avr/lib/avrxmega4/memx-const\libm.a(floatsisf.o)
                0x0000000000000558                __floatunsisf
                0x000000000000055c                __floatsisf

.text.sine_wave_table_init
                0x00000000000005d2       0x6c
 .text.sine_wave_table_init
                0x00000000000005d2       0x6c build/Release/production/src/dac.o
                0x00000000000005d2                sine_wave_table_init

.text.__vector_54
                0x000000000000063e       0x68
 .text.__vector_54
                0x000000000000063e       0x68 build/Release/production/src/uart.o
                0x000000000000063e                __vector_54

.text.avrlibc.fplib
                0x00000000000006a6       0x5e
 .text.avrlibc.fplib
                0x00000000000006a6       0x5e c:/program files (x86)/microchip/xc8/avr/bin/../lib/gcc/avr/5.4.0/../../../../avr/lib/avrxmega4/memx-const\libm.a(fixunssfsi.o)
                0x00000000000006a6                __fixunssfsi

.text.avrlibc.fplib
                0x0000000000000704       0x56
 .text.avrlibc.fplib
                0x0000000000000704       0x56 c:/program files (x86)/microchip/xc8/avr/bin/../lib/gcc/avr/5.4.0/../../../../avr/lib/avrxmega4/memx-const\libm.a(fp_rempio2.o)
                0x0000000000000708                __fp_rempio2

.text.avrlibc.fplib
                0x000000000000075a       0x4e
 .text.avrlibc.fplib
                0x000000000000075a       0x4e c:/program files (x86)/microchip/xc8/avr/bin/../lib/gcc/avr/5.4.0/../../../../avr/lib/avrxmega4/memx-const\libm.a(fp_powser.o)
                0x000000000000075a                __fp_powser

.text.avrlibc.fplib
                0x00000000000007a8       0x44
 .text.avrlibc.fplib
                0x00000000000007a8       0x44 c:/program files (x86)/microchip/xc8/avr/bin/../lib/gcc/avr/5.4.0/../../../../avr/lib/avrxmega4/memx-const\libm.a(fp_split3.o)
                0x00000000000007a8                __fp_split3
                0x00000000000007b8                __fp_splitA

.text.OPAMP_init
                0x00000000000007ec       0x3a
 .text.OPAMP_init
                0x00000000000007ec       0x3a build/Release/production/main.o
                0x00000000000007ec                OPAMP_init

.text.ADC0_init
                0x0000000000000826       0x38
 .text.ADC0_init
                0x0000000000000826       0x38 build/Release/production/src/adc.o
                0x0000000000000826                ADC0_init

.text.main      0x000000000000085e       0x36
 .text.main     0x000000000000085e       0x36 build/Release/production/main.o
                0x000000000000085e                main

.text.avrlibc   0x0000000000000894       0x32
 .text.avrlibc  0x0000000000000894       0x32 c:/program files (x86)/microchip/xc8/avr/bin/../lib/gcc/avr/5.4.0/../../../../avr/lib/avrxmega4/memx-const\libc.a(memcpy_M.o)
                0x0000000000000894                memcpy

.text.DAC0_init
                0x00000000000008c6       0x30
 .text.DAC0_init
                0x00000000000008c6       0x30 build/Release/production/src/dac.o
                0x00000000000008c6                DAC0_init

.text.__vector_15
                0x00000000000008f6       0x2c
 .text.__vector_15
                0x00000000000008f6       0x2c build/Release/production/src/adc.o
                0x00000000000008f6                __vector_15

.text.RTC_init  0x0000000000000922       0x28
 .text.RTC_init
                0x0000000000000922       0x28 build/Release/production/src/rtc.o
                0x0000000000000922                RTC_init

.text.USART_init
                0x000000000000094a       0x28
 .text.USART_init
                0x000000000000094a       0x28 build/Release/production/src/uart.o
                0x000000000000094a                USART_init

.text.avrlibc.fplib
                0x0000000000000972       0x28
 .text.avrlibc.fplib
                0x0000000000000972       0x28 c:/program files (x86)/microchip/xc8/avr/bin/../lib/gcc/avr/5.4.0/../../../../avr/lib/avrxmega4/memx-const\libm.a(fp_sinus.o)
                0x0000000000000972                __fp_sinus

.text.avrlibc.fplib
                0x000000000000099a       0x28
 .text.avrlibc.fplib
                0x000000000000099a       0x28 c:/program files (x86)/microchip/xc8/avr/bin/../lib/gcc/avr/5.4.0/../../../../avr/lib/avrxmega4/memx-const\libm.a(fp_powsodd.o)
                0x000000000000099a                __fp_powsodd

.text.__vector_5
                0x00000000000009c2       0x24
 .text.__vector_5
                0x00000000000009c2       0x24 build/Release/production/src/rtc.o
                0x00000000000009c2                __vector_5

.text.DS_start_data_transmit
                0x00000000000009e6       0x22
 .text.DS_start_data_transmit
                0x00000000000009e6       0x22 build/Release/production/src/uart.o
                0x00000000000009e6                DS_start_data_transmit

.text.avrlibc.fplib
                0x0000000000000a08       0x22
 .text.avrlibc.fplib
                0x0000000000000a08       0x22 c:/program files (x86)/microchip/xc8/avr/bin/../lib/gcc/avr/5.4.0/../../../../avr/lib/avrxmega4/memx-const\libm.a(fp_round.o)
                0x0000000000000a08                __fp_round

.text.libgcc.mul
                0x0000000000000a2a       0x1e
 .text.libgcc.mul
                0x0000000000000a2a       0x1e c:/program files (x86)/microchip/xc8/avr/bin/../lib/gcc/avr/5.4.0/avrxmega4/memx-const\libgcc.a(_umulhisi3.o)
                0x0000000000000a2a                __umulhisi3

.text.avrlibc.fplib
                0x0000000000000a48       0x1c
 .text.avrlibc.fplib
                0x0000000000000a48       0x1c c:/program files (x86)/microchip/xc8/avr/bin/../lib/gcc/avr/5.4.0/../../../../avr/lib/avrxmega4/memx-const\libm.a(fp_mpack.o)
                0x0000000000000a48                __fp_mpack
                0x0000000000000a4c                __fp_mpack_finite

.text.ADC0_SampleTimer_init
                0x0000000000000a64       0x14
 .text.ADC0_SampleTimer_init
                0x0000000000000a64       0x14 build/Release/production/src/adc.o
                0x0000000000000a64                ADC0_SampleTimer_init

.text.DAC0_SineWaveTimer_init
                0x0000000000000a78       0x14
 .text.DAC0_SineWaveTimer_init
                0x0000000000000a78       0x14 build/Release/production/src/dac.o
                0x0000000000000a78                DAC0_SineWaveTimer_init

.text.avrlibc.fplib
                0x0000000000000a8c       0x10
 .text.avrlibc.fplib
                0x0000000000000a8c       0x10 c:/program files (x86)/microchip/xc8/avr/bin/../lib/gcc/avr/5.4.0/../../../../avr/lib/avrxmega4/memx-const\libm.a(sin.o)
                0x0000000000000a8c                sin

.text.GPIO_init
                0x0000000000000a9c        0xe
 .text.GPIO_init
                0x0000000000000a9c        0xe build/Release/production/main.o
                0x0000000000000a9c                GPIO_init

.text.avrlibc.fplib
                0x0000000000000aaa        0xe
 .text.avrlibc.fplib
                0x0000000000000aaa        0xe c:/program files (x86)/microchip/xc8/avr/bin/../lib/gcc/avr/5.4.0/../../../../avr/lib/avrxmega4/memx-const\libm.a(addsf3.o)
                0x0000000000000aaa                __subsf3
                0x0000000000000aac                __addsf3

.text.avrlibc.fplib
                0x0000000000000ab8        0xe
 .text.avrlibc.fplib
                0x0000000000000ab8        0xe c:/program files (x86)/microchip/xc8/avr/bin/../lib/gcc/avr/5.4.0/../../../../avr/lib/avrxmega4/memx-const\libm.a(fp_pscA.o)
                0x0000000000000ab8                __fp_pscA

.text.avrlibc.fplib
                0x0000000000000ac6        0xe
 .text.avrlibc.fplib
                0x0000000000000ac6        0xe c:/program files (x86)/microchip/xc8/avr/bin/../lib/gcc/avr/5.4.0/../../../../avr/lib/avrxmega4/memx-const\libm.a(fp_pscB.o)
                0x0000000000000ac6                __fp_pscB

.text.avrlibc.fplib
                0x0000000000000ad4        0xe
 .text.avrlibc.fplib
                0x0000000000000ad4        0xe c:/program files (x86)/microchip/xc8/avr/bin/../lib/gcc/avr/5.4.0/../../../../avr/lib/avrxmega4/memx-const\libm.a(fp_zero.o)
                0x0000000000000ad4                __fp_zero
                0x0000000000000ad6                __fp_szero

.text.libgcc    0x0000000000000ae2        0xe
 .text.libgcc   0x0000000000000ae2        0xe c:/program files (x86)/microchip/xc8/avr/bin/../lib/gcc/avr/5.4.0/avrxmega4/memx-const\libgcc.a(_xload_1.o)
                0x0000000000000ae2                __xload_1

.text.ADC0_SampleTimer_enable
                0x0000000000000af0        0xc
 .text.ADC0_SampleTimer_enable
                0x0000000000000af0        0xc build/Release/production/src/adc.o
                0x0000000000000af0                ADC0_SampleTimer_enable

.text.DAC0_SineEaveTimer_enable
                0x0000000000000afc        0xc
 .text.DAC0_SineEaveTimer_enable
                0x0000000000000afc        0xc build/Release/production/src/dac.o
                0x0000000000000afc                DAC0_SineEaveTimer_enable

.text.RTC_enable
                0x0000000000000b08        0xc
 .text.RTC_enable
                0x0000000000000b08        0xc build/Release/production/src/rtc.o
                0x0000000000000b08                RTC_enable

.text.LED0_init
                0x0000000000000b14        0xc
 .text.LED0_init
                0x0000000000000b14        0xc build/Release/production/src/rtc.o
                0x0000000000000b14                LED0_init

.text.avrlibc.fplib
                0x0000000000000b20        0xc
 .text.avrlibc.fplib
                0x0000000000000b20        0xc c:/program files (x86)/microchip/xc8/avr/bin/../lib/gcc/avr/5.4.0/../../../../avr/lib/avrxmega4/memx-const\libm.a(fp_inf.o)
                0x0000000000000b20                __fp_inf

.text.avrlibc   0x0000000000000b2c        0xc
 .text.avrlibc  0x0000000000000b2c        0xc C:/Users/m52422/.mchp_packs/Microchip/AVR-Dx_DFP/1.4.75/xc8/avr/lib/avrxmega4/memx-const\libavr128db48.a(ccp_write.o)
                0x0000000000000b2c                ccp_write_io

.text.avrlibc.fplib
                0x0000000000000b38        0x8
 .text.avrlibc.fplib
                0x0000000000000b38        0x8 c:/program files (x86)/microchip/xc8/avr/bin/../lib/gcc/avr/5.4.0/../../../../avr/lib/avrxmega4/memx-const\libm.a(divsf3.o)
                0x0000000000000b38                __divsf3

.text.avrlibc.fplib
                0x0000000000000b40        0x8
 .text.avrlibc.fplib
                0x0000000000000b40        0x8 c:/program files (x86)/microchip/xc8/avr/bin/../lib/gcc/avr/5.4.0/../../../../avr/lib/avrxmega4/memx-const\libm.a(mulsf3.o)
                0x0000000000000b40                __mulsf3

.text.avrlibc.fplib
                0x0000000000000b48        0x6
 .text.avrlibc.fplib
                0x0000000000000b48        0x6 c:/program files (x86)/microchip/xc8/avr/bin/../lib/gcc/avr/5.4.0/../../../../avr/lib/avrxmega4/memx-const\libm.a(fp_nan.o)
                0x0000000000000b48                __fp_nan

.text           0x0000000000000b4e        0x4
 .text          0x0000000000000b4e        0x4 C:/Users/m52422/.mchp_packs/Microchip/AVR-Dx_DFP/1.4.75/xc8/avr/lib/avrxmega4/memx-const/crtavr128db48.o
                0x0000000000000b4e                __vector_38
                0x0000000000000b4e                __vector_22
                0x0000000000000b4e                __vector_28
                0x0000000000000b4e                __vector_1
                0x0000000000000b4e                __vector_32
                0x0000000000000b4e                __vector_34
                0x0000000000000b4e                __vector_24
                0x0000000000000b4e                __vector_12
                0x0000000000000b4e                __vector_55
                0x0000000000000b4e                __vector_46
                0x0000000000000b4e                __bad_interrupt
                0x0000000000000b4e                __vector_6
                0x0000000000000b4e                __vector_31
                0x0000000000000b4e                __vector_35
                0x0000000000000b4e                __vector_39
                0x0000000000000b4e                __vector_3
                0x0000000000000b4e                __vector_23
                0x0000000000000b4e                __vector_30
                0x0000000000000b4e                __vector_45
                0x0000000000000b4e                __vector_25
                0x0000000000000b4e                __vector_11
                0x0000000000000b4e                __vector_13
                0x0000000000000b4e                __vector_17
                0x0000000000000b4e                __vector_19
                0x0000000000000b4e                __vector_56
                0x0000000000000b4e                __vector_7
                0x0000000000000b4e                __vector_49
                0x0000000000000b4e                __vector_41
                0x0000000000000b4e                __vector_43
                0x0000000000000b4e                __vector_27
                0x0000000000000b4e                __vector_33
                0x0000000000000b4e                __vector_47
                0x0000000000000b4e                __vector_52
                0x0000000000000b4e                __vector_37
                0x0000000000000b4e                __vector_4
                0x0000000000000b4e                __vector_44
                0x0000000000000b4e                __vector_51
                0x0000000000000b4e                __vector_9
                0x0000000000000b4e                __vector_2
                0x0000000000000b4e                __vector_21
                0x0000000000000b4e                __vector_36
                0x0000000000000b4e                __vector_58
                0x0000000000000b4e                __vector_29
                0x0000000000000b4e                __vector_60
                0x0000000000000b4e                __vector_40
                0x0000000000000b4e                __vector_8
                0x0000000000000b4e                __vector_48
                0x0000000000000b4e                __vector_57
                0x0000000000000b4e                __vector_53
                0x0000000000000b4e                __vector_10
                0x0000000000000b4e                __vector_50
                0x0000000000000b4e                __vector_16
                0x0000000000000b4e                __vector_59
                0x0000000000000b4e                __vector_18
                0x0000000000000b4e                __vector_20
                0x0000000000000b4e                __vector_42

.data.tx_count.4492
                0x00000000008040c8        0x1 load address 0x0000000000000b52
 .data.tx_count.4492
                0x00000000008040c8        0x1 build/Release/production/src/uart.o
